------------------------------------------------------------
TimeQuest Timing Analyzer Summary
------------------------------------------------------------

Type  : Slow 1000mV 100C Model Setup 'CLOCK_50'
Slack : -19.439
TNS   : -784.434

Type  : Slow 1000mV 100C Model Hold 'CLOCK_50'
Slack : 0.518
TNS   : 0.000

Type  : Slow 1000mV 100C Model Minimum Pulse Width 'CLOCK_50'
Slack : 9.696
TNS   : 0.000

Type  : Slow 1000mV 100C Model Minimum Pulse Width 'CLOCK2_50'
Slack : 16.000
TNS   : 0.000

Type  : Slow 1000mV 100C Model Minimum Pulse Width 'CLOCK3_50'
Slack : 16.000
TNS   : 0.000

Type  : Slow 1000mV -40C Model Setup 'CLOCK_50'
Slack : -16.842
TNS   : -674.496

Type  : Slow 1000mV -40C Model Hold 'CLOCK_50'
Slack : 0.495
TNS   : 0.000

Type  : Slow 1000mV -40C Model Minimum Pulse Width 'CLOCK_50'
Slack : 9.618
TNS   : 0.000

Type  : Slow 1000mV -40C Model Minimum Pulse Width 'CLOCK2_50'
Slack : 16.000
TNS   : 0.000

Type  : Slow 1000mV -40C Model Minimum Pulse Width 'CLOCK3_50'
Slack : 16.000
TNS   : 0.000

Type  : Fast 1000mV -40C Model Setup 'CLOCK_50'
Slack : -1.601
TNS   : -52.893

Type  : Fast 1000mV -40C Model Hold 'CLOCK_50'
Slack : 0.272
TNS   : 0.000

Type  : Fast 1000mV -40C Model Minimum Pulse Width 'CLOCK_50'
Slack : 9.491
TNS   : 0.000

Type  : Fast 1000mV -40C Model Minimum Pulse Width 'CLOCK2_50'
Slack : 16.000
TNS   : 0.000

Type  : Fast 1000mV -40C Model Minimum Pulse Width 'CLOCK3_50'
Slack : 16.000
TNS   : 0.000

------------------------------------------------------------
